Append legacy 19k heatmaps -> data_multifreq_train (real files, no symlinks)
  Decap CSV   : /home/ubuntu/genai_pdn/data/heatmaps/peb_with_19k/all_combinations.csv
  Index map   : /home/ubuntu/genai_pdn/data/heatmaps/peb_with_19k/decap_index_map.csv
  Raw root    : /mnt/c/Users/muthusamy/Desktop/Dataset_19k
  Output      : /home/ubuntu/genai_pdn/datasets/data_multifreq_train
  Layouts     : 19,499
  MHz         : [350.0, 370.0, 390.0, 420.0, 450.0]
  Replace     : True
  Append tag  : legacy_19k_restore
  Workers     : 4
  Indexing 5 heatmap folder(s) (16 threads)...
    heatmap_390MHz/: 19,499 PI folders
    heatmap_370MHz/: 19,499 PI folders
    heatmap_450MHz/: 19,499 PI folders
    heatmap_420MHz/: 19,499 PI folders
    heatmap_350MHz/: 19,499 PI folders
  Raw validation OK
  Existing manifest keys: 398,091
  Building task list...
    tasks 0/19,499...
    tasks 2,000/19,499...
    tasks 4,000/19,499...
    tasks 6,000/19,499...
    tasks 8,000/19,499...
    tasks 10,000/19,499...
    tasks 12,000/19,499...
    tasks 14,000/19,499...
    tasks 16,000/19,499...
    tasks 18,000/19,499...
  Tasks: 97,495  (replace=97,495, new=0)
  New sample index from sample_1114583.npy
