Append merged combinations -> multifreq dataset
  Merged CSV  : /home/ubuntu/genai_pdn/data/heatmaps/peb_with_29k/all_combinations_merged.csv
  Index map   : /home/ubuntu/genai_pdn/data/heatmaps/peb_with_29k/merged_combinations_index_map.csv
  Raw root    : /mnt/c/Users/muthusamy/Desktop/Raw
  Output      : /home/ubuntu/genai_pdn/datasets/data_multifreq_train
  Rows        : 0..29498 (29,499 layouts)
    legacy=19,499  combinations=10,000
  PI range    : PI-1..PI-29499
  MHz         : [430.0] (1 anchors)
  Expected    : 29,499 manifest rows
  Append tag  : merged_430
  Workers     : 4
  Legacy meta : 19,499 layout design_ids in manifest
  Impedance: skip if missing (MHz-only append on existing layouts)
  Impedance/ not found — will skip impedance read if layouts exist in dataset
  Indexing 1 heatmap folder(s) (16 threads)...
    heatmaps_430MHz/: 29,499 PI folders
  Raw validation OK
  Skip existing: 608,582 (design_id, freq) pairs
  Building task list...
    tasks 0/29,499...
    tasks 2,000/29,499...
    tasks 4,000/29,499...
    tasks 6,000/29,499...
    tasks 8,000/29,499...
    tasks 10,000/29,499...
    tasks 12,000/29,499...
    tasks 14,000/29,499...
    tasks 16,000/29,499...
    tasks 18,000/29,499...
    tasks 20,000/29,499...
    tasks 22,000/29,499...
    tasks 24,000/29,499...
    tasks 26,000/29,499...
    tasks 28,000/29,499...
  Tasks to run: 4,499
  Continue sample index from sample_1310382.npy
  Progress: 224/4,499
  Progress: 448/4,499
  Progress: 672/4,499
  Progress: 896/4,499
  Progress: 1,120/4,499
  Progress: 1,344/4,499
  Progress: 1,568/4,499
  Progress: 1,792/4,499
  Progress: 2,016/4,499
  Progress: 2,240/4,499
  Progress: 2,464/4,499
  Progress: 2,688/4,499
  Progress: 2,912/4,499
  Progress: 3,136/4,499
  Progress: 3,360/4,499
  Progress: 3,584/4,499
  Progress: 3,808/4,499
  Progress: 4,032/4,499
  Progress: 4,256/4,499
  Progress: 4,480/4,499
  Batch registry: /home/ubuntu/genai_pdn/datasets/data_multifreq_train/append_batches/merged_430.json
Wrote dataset meta: /home/ubuntu/genai_pdn/datasets/data_multifreq_train/dataset_meta.json
  layouts=29499 samples=633024 size=38341.21 MB MHz=[10.0, 63.0, 80.0, 100.0, 120.0, 150.0, 170.0, 180.0, 200.0, 230.0, 250.0, 270.0, 300.0, 330.0, 350.0, 370.0, 390.0, 400.0, 420.0, 430.0, 450.0, 500.0]

Appended 4,499 sample row(s)
  manifest: /home/ubuntu/genai_pdn/datasets/data_multifreq_train/manifest.csv
  Next: python pipelines/normalize/multifreq.py  (set APPEND=True)
[append-lock] waiting for lock (430 MHz, tag=merged_430)…
[append-lock] acquired — running append for 430 MHz
Wrote dataset meta: /home/ubuntu/genai_pdn/datasets/data_multifreq_train/dataset_meta.json
  layouts=29499 samples=633024 size=38344.53 MB MHz=[10.0, 63.0, 80.0, 100.0, 120.0, 150.0, 170.0, 180.0, 200.0, 230.0, 250.0, 270.0, 300.0, 330.0, 350.0, 370.0, 390.0, 400.0, 420.0, 430.0, 450.0, 500.0]
  ✓ Refreshed /home/ubuntu/genai_pdn/datasets/data_multifreq_train/dataset_meta.json
[append-lock] 430 MHz manifest rows: 33,998 ({'merged_430': 33998})
