[append-worker] pid=18855 log=/home/ubuntu/genai_pdn/logs/append_worker.log
[append-worker] start 470 MHz tag=merged_470 raw=C:\Users\muthusamy\Desktop\Raw
Append merged combinations -> multifreq dataset
  Merged CSV  : /home/ubuntu/genai_pdn/data/heatmaps/peb_with_29k/all_combinations_merged.csv
  Index map   : /home/ubuntu/genai_pdn/data/heatmaps/peb_with_29k/merged_combinations_index_map.csv
  Raw root    : /mnt/c/Users/muthusamy/Desktop/Raw
  Output      : /home/ubuntu/genai_pdn/datasets/data_multifreq_train
  Rows        : 0..29498 (29,499 layouts)
    legacy=19,499  combinations=10,000
  PI range    : PI-1..PI-29499
  MHz         : [470.0] (1 anchors)
  Expected    : 29,499 manifest rows
  Append tag  : merged_470
  Workers     : 4
  Legacy meta : 19,499 layout design_ids in manifest
  Impedance: skip if missing (MHz-only append on existing layouts)
  Impedance/ not found — will skip impedance read if layouts exist in dataset
  Indexing 1 heatmap folder(s) (16 threads)...
    heatmaps_470MHz/: 29,499 PI folders
  Raw validation OK
  Skip existing: 678,978 (design_id, freq) pairs
  Building task list...
    tasks 0/29,499...
    tasks 2,000/29,499...
    tasks 4,000/29,499...
    tasks 6,000/29,499...
    tasks 8,000/29,499...
    tasks 10,000/29,499...
    tasks 12,000/29,499...
    tasks 14,000/29,499...
    tasks 16,000/29,499...
    tasks 18,000/29,499...
    tasks 20,000/29,499...
    tasks 22,000/29,499...
    tasks 24,000/29,499...
    tasks 26,000/29,499...
    tasks 28,000/29,499...
  Tasks to run: 9,499
  Continue sample index from sample_1437083.npy
  Progress: 474/9,499
  Progress: 948/9,499
  Progress: 1,422/9,499
  Progress: 1,896/9,499
  Progress: 2,370/9,499
  Progress: 2,844/9,499
  Progress: 3,318/9,499
  Progress: 3,792/9,499
  Progress: 4,266/9,499
  Progress: 4,740/9,499
  Progress: 5,214/9,499
  Progress: 5,688/9,499
  Progress: 6,162/9,499
  Progress: 6,636/9,499
  Progress: 7,110/9,499
  Progress: 7,584/9,499
  Progress: 8,058/9,499
  Progress: 8,532/9,499
  Progress: 9,006/9,499
  Progress: 9,480/9,499
  Batch registry: /home/ubuntu/genai_pdn/datasets/data_multifreq_train/append_batches/merged_470.json
Wrote dataset meta: /home/ubuntu/genai_pdn/datasets/data_multifreq_train/dataset_meta.json
  layouts=29499 samples=672976 size=40974.7 MB MHz=[10.0, 63.0, 80.0, 100.0, 120.0, 150.0, 170.0, 180.0, 200.0, 230.0, 250.0, 270.0, 280.0, 300.0, 330.0, 350.0, 370.0, 390.0, 400.0, 420.0, 430.0, 450.0, 470.0, 500.0]

Appended 9,499 sample row(s)
  manifest: /home/ubuntu/genai_pdn/datasets/data_multifreq_train/manifest.csv
  Next: python pipelines/normalize/multifreq.py  (set APPEND=True)
Wrote dataset meta: /home/ubuntu/genai_pdn/datasets/data_multifreq_train/dataset_meta.json
  layouts=29499 samples=672976 size=40974.7 MB MHz=[10.0, 63.0, 80.0, 100.0, 120.0, 150.0, 170.0, 180.0, 200.0, 230.0, 250.0, 270.0, 280.0, 300.0, 330.0, 350.0, 370.0, 390.0, 400.0, 420.0, 430.0, 450.0, 470.0, 500.0]
[append-worker] 470 MHz manifest rows: 13,998 ({'merged_470': 13998})
[append-worker] WARNING: expected 29,499 rows at 470 MHz (tag=merged_470)
[append-worker] done 470 MHz
[append-worker] queue empty — exiting
[append-worker] pid=64023 log=/home/ubuntu/genai_pdn/logs/append_worker.log
[append-worker] start 10 MHz tag=merged_10 raw=C:\Users\muthusamy\Desktop\Raw
Append merged combinations -> multifreq dataset
  Merged CSV  : /home/ubuntu/genai_pdn/data/heatmaps/peb_with_29k/all_combinations_merged.csv
  Index map   : /home/ubuntu/genai_pdn/data/heatmaps/peb_with_29k/merged_combinations_index_map.csv
  Raw root    : /mnt/c/Users/muthusamy/Desktop/Raw
  Output      : /home/ubuntu/genai_pdn/datasets/data_multifreq_train
  Rows        : 0..29498 (29,499 layouts)
    legacy=19,499  combinations=10,000
  PI range    : PI-1..PI-29499
  MHz         : [10.0] (1 anchors)
  Expected    : 29,499 manifest rows
  Append tag  : merged_10
  Workers     : 4
  Legacy meta : 19,499 layout design_ids in manifest
  Impedance: skip if missing (MHz-only append on existing layouts)
  Skip existing: 688,477 (design_id, freq) pairs
  Missing-only: 0 manifest row(s) to append
  Indexing Impedance/ PI folders...
    found 15,000 PI folders
  Indexing 1 heatmap folder(s) (16 threads)...
    heatmaps_10MHz/: 15,000 PI folders
  Raw validation: nothing missing to append
  Raw validation OK
  Resolving impedance CSV paths (15,000 PI, 16 threads)...
    impedance paths: 15,000
  Building task list...
    tasks 0/29,499...
    tasks 2,000/29,499...
    tasks 4,000/29,499...
    tasks 6,000/29,499...
    tasks 8,000/29,499...
    tasks 10,000/29,499...
    tasks 12,000/29,499...
    tasks 14,000/29,499...
    tasks 16,000/29,499...
    tasks 18,000/29,499...
    tasks 20,000/29,499...
    tasks 22,000/29,499...
    tasks 24,000/29,499...
    tasks 26,000/29,499...
    tasks 28,000/29,499...
  Tasks to run: 0
Nothing to append.
Wrote dataset meta: /home/ubuntu/genai_pdn/datasets/data_multifreq_train/dataset_meta.json
  layouts=29499 samples=688477 size=43307.27 MB MHz=[10.0, 63.0, 80.0, 100.0, 120.0, 150.0, 170.0, 180.0, 200.0, 230.0, 250.0, 270.0, 280.0, 300.0, 330.0, 350.0, 370.0, 390.0, 400.0, 420.0, 430.0, 450.0, 470.0, 500.0]
[append-worker] 10 MHz manifest rows: 29,499 ({'New_data_10000': 10000, 'restore_49k_smoke': 1, 'restore_49k': 19498})
[append-worker] done 10 MHz
[append-worker] queue empty — exiting
[append-worker] pid=7226 log=/home/ubuntu/genai_pdn/logs/append_worker.log
[append-worker] start 63 MHz tag=merged_63 raw=C:\Users\muthusamy\Desktop\Raw
Append merged combinations -> multifreq dataset
  Merged CSV  : /home/ubuntu/genai_pdn/data/heatmaps/peb_with_29k/all_combinations_merged.csv
  Index map   : /home/ubuntu/genai_pdn/data/heatmaps/peb_with_29k/merged_combinations_index_map.csv
  Raw root    : /mnt/c/Users/muthusamy/Desktop/Raw
  Output      : /home/ubuntu/genai_pdn/datasets/data_multifreq_train
  Rows        : 0..29498 (29,499 layouts)
    legacy=19,499  combinations=10,000
  PI range    : PI-1..PI-29499
  MHz         : [63.0] (1 anchors)
  Expected    : 29,499 manifest rows
  Append tag  : merged_63
  Workers     : 4
  Legacy meta : 19,499 layout design_ids in manifest
  Impedance: skip if missing (MHz-only append on existing layouts)
  Skip existing: 688,477 (design_id, freq) pairs
  Missing-only: 0 manifest row(s) to append
  Indexing Impedance/ PI folders...
    found 15,000 PI folders
  Indexing 1 heatmap folder(s) (16 threads)...
    heatmaps_63MHz/: 15,000 PI folders
  Raw validation: nothing missing to append
  Raw validation OK
  Resolving impedance CSV paths (15,000 PI, 16 threads)...
    impedance paths: 15,000
  Building task list...
    tasks 0/29,499...
    tasks 2,000/29,499...
    tasks 4,000/29,499...
    tasks 6,000/29,499...
    tasks 8,000/29,499...
    tasks 10,000/29,499...
    tasks 12,000/29,499...
    tasks 14,000/29,499...
    tasks 16,000/29,499...
    tasks 18,000/29,499...
    tasks 20,000/29,499...
    tasks 22,000/29,499...
    tasks 24,000/29,499...
    tasks 26,000/29,499...
    tasks 28,000/29,499...
  Tasks to run: 0
Nothing to append.
Wrote dataset meta: /home/ubuntu/genai_pdn/datasets/data_multifreq_train/dataset_meta.json
  layouts=29499 samples=688477 size=43307.27 MB MHz=[10.0, 63.0, 80.0, 100.0, 120.0, 150.0, 170.0, 180.0, 200.0, 230.0, 250.0, 270.0, 280.0, 300.0, 330.0, 350.0, 370.0, 390.0, 400.0, 420.0, 430.0, 450.0, 470.0, 500.0]
[append-worker] 63 MHz manifest rows: 29,499 ({'New_data_10000': 10000, 'restore_49k': 19499})
[append-worker] done 63 MHz
[append-worker] queue empty — exiting
[append-worker] pid=23457 log=/home/ubuntu/genai_pdn/logs/append_worker.log
[append-worker] start 80 MHz tag=merged_80 raw=C:\Users\muthusamy\Desktop\Raw
Append merged combinations -> multifreq dataset
  Merged CSV  : /home/ubuntu/genai_pdn/data/heatmaps/peb_with_29k/all_combinations_merged.csv
  Index map   : /home/ubuntu/genai_pdn/data/heatmaps/peb_with_29k/merged_combinations_index_map.csv
  Raw root    : /mnt/c/Users/muthusamy/Desktop/Raw
  Output      : /home/ubuntu/genai_pdn/datasets/data_multifreq_train
  Rows        : 0..29498 (29,499 layouts)
    legacy=19,499  combinations=10,000
  PI range    : PI-1..PI-29499
  MHz         : [80.0] (1 anchors)
  Expected    : 29,499 manifest rows
  Append tag  : merged_80
  Workers     : 4
  Legacy meta : 19,499 layout design_ids in manifest
  Impedance: skip if missing (MHz-only append on existing layouts)
  Skip existing: 688,477 (design_id, freq) pairs
  Missing-only: 19,499 manifest row(s) to append
    80MHz: 19,499 missing
  Indexing Impedance/ PI folders...
    found 15,000 PI folders
  Indexing 1 heatmap folder(s) (16 threads)...
    heatmaps_80MHz/: 15,000 PI folders
Impedance missing 4,499 PI folder(s) for slice (first missing PI-15001)
[append-worker] failed 80 MHz (rc=1) — re-enqueue with: python pipelines/dataset_sim/run_append_worker.py --enqueue 470
[append-worker] queue empty — exiting
[append-worker] pid=39478 log=/home/ubuntu/genai_pdn/logs/append_worker.log
[append-worker] start 100 MHz tag=merged_100 raw=C:\Users\muthusamy\Desktop\Raw
Append merged combinations -> multifreq dataset
  Merged CSV  : /home/ubuntu/genai_pdn/data/heatmaps/peb_with_29k/all_combinations_merged.csv
  Index map   : /home/ubuntu/genai_pdn/data/heatmaps/peb_with_29k/merged_combinations_index_map.csv
  Raw root    : /mnt/c/Users/muthusamy/Desktop/Raw
  Output      : /home/ubuntu/genai_pdn/datasets/data_multifreq_train
  Rows        : 0..29498 (29,499 layouts)
    legacy=19,499  combinations=10,000
  PI range    : PI-1..PI-29499
  MHz         : [100.0] (1 anchors)
  Expected    : 29,499 manifest rows
  Append tag  : merged_100
  Workers     : 4
  Legacy meta : 19,499 layout design_ids in manifest
  Impedance: skip if missing (MHz-only append on existing layouts)
  Skip existing: 688,477 (design_id, freq) pairs
  Missing-only: 0 manifest row(s) to append
  Indexing Impedance/ PI folders...
    found 15,000 PI folders
  Indexing 1 heatmap folder(s) (16 threads)...
    heatmaps_100MHz/: 15,000 PI folders
  Raw validation: nothing missing to append
  Raw validation OK
  Resolving impedance CSV paths (15,000 PI, 16 threads)...
    impedance paths: 15,000
  Building task list...
    tasks 0/29,499...
    tasks 2,000/29,499...
    tasks 4,000/29,499...
    tasks 6,000/29,499...
    tasks 8,000/29,499...
    tasks 10,000/29,499...
    tasks 12,000/29,499...
    tasks 14,000/29,499...
    tasks 16,000/29,499...
    tasks 18,000/29,499...
    tasks 20,000/29,499...
    tasks 22,000/29,499...
    tasks 24,000/29,499...
    tasks 26,000/29,499...
    tasks 28,000/29,499...
  Tasks to run: 0
Nothing to append.
Wrote dataset meta: /home/ubuntu/genai_pdn/datasets/data_multifreq_train/dataset_meta.json
  layouts=29499 samples=688477 size=43307.27 MB MHz=[10.0, 63.0, 80.0, 100.0, 120.0, 150.0, 170.0, 180.0, 200.0, 230.0, 250.0, 270.0, 280.0, 300.0, 330.0, 350.0, 370.0, 390.0, 400.0, 420.0, 430.0, 450.0, 470.0, 500.0]
[append-worker] 100 MHz manifest rows: 29,499 ({'merged_100_120_150': 29499})
[append-worker] done 100 MHz
[append-worker] queue empty — exiting
[append-worker] pid=68870 log=/home/ubuntu/genai_pdn/logs/append_worker.log
[append-worker] start 120 MHz tag=merged_120 raw=C:\Users\muthusamy\Desktop\Raw
Append merged combinations -> multifreq dataset
  Merged CSV  : /home/ubuntu/genai_pdn/data/heatmaps/peb_with_29k/all_combinations_merged.csv
  Index map   : /home/ubuntu/genai_pdn/data/heatmaps/peb_with_29k/merged_combinations_index_map.csv
  Raw root    : /mnt/c/Users/muthusamy/Desktop/Raw
  Output      : /home/ubuntu/genai_pdn/datasets/data_multifreq_train
  Rows        : 0..29498 (29,499 layouts)
    legacy=19,499  combinations=10,000
  PI range    : PI-1..PI-29499
  MHz         : [120.0] (1 anchors)
  Expected    : 29,499 manifest rows
  Append tag  : merged_120
  Workers     : 4
  Legacy meta : 19,499 layout design_ids in manifest
  Impedance: skip if missing (MHz-only append on existing layouts)
  Skip existing: 688,477 (design_id, freq) pairs
  Missing-only: 0 manifest row(s) to append
  Indexing Impedance/ PI folders...
    found 15,000 PI folders
  Indexing 1 heatmap folder(s) (16 threads)...
    heatmaps_120MHz/: 15,000 PI folders
  Raw validation: nothing missing to append
  Raw validation OK
  Resolving impedance CSV paths (15,000 PI, 16 threads)...
    impedance paths: 15,000
  Building task list...
    tasks 0/29,499...
    tasks 2,000/29,499...
    tasks 4,000/29,499...
    tasks 6,000/29,499...
    tasks 8,000/29,499...
    tasks 10,000/29,499...
    tasks 12,000/29,499...
    tasks 14,000/29,499...
    tasks 16,000/29,499...
    tasks 18,000/29,499...
    tasks 20,000/29,499...
    tasks 22,000/29,499...
    tasks 24,000/29,499...
    tasks 26,000/29,499...
    tasks 28,000/29,499...
  Tasks to run: 0
Nothing to append.
Wrote dataset meta: /home/ubuntu/genai_pdn/datasets/data_multifreq_train/dataset_meta.json
  layouts=29499 samples=688477 size=43307.27 MB MHz=[10.0, 63.0, 80.0, 100.0, 120.0, 150.0, 170.0, 180.0, 200.0, 230.0, 250.0, 270.0, 280.0, 300.0, 330.0, 350.0, 370.0, 390.0, 400.0, 420.0, 430.0, 450.0, 470.0, 500.0]
[append-worker] 120 MHz manifest rows: 29,499 ({'merged_100_120_150': 29499})
[append-worker] done 120 MHz
[append-worker] queue empty — exiting
[append-worker] pid=18928 log=/home/ubuntu/genai_pdn/logs/append_worker.log
[append-worker] start 150 MHz tag=merged_150 raw=C:\Users\muthusamy\Desktop\Raw
Append merged combinations -> multifreq dataset
  Merged CSV  : /home/ubuntu/genai_pdn/data/heatmaps/peb_with_29k/all_combinations_merged.csv
  Index map   : /home/ubuntu/genai_pdn/data/heatmaps/peb_with_29k/merged_combinations_index_map.csv
  Raw root    : /mnt/c/Users/muthusamy/Desktop/Raw
  Output      : /home/ubuntu/genai_pdn/datasets/data_multifreq_train
  Rows        : 0..29498 (29,499 layouts)
    legacy=19,499  combinations=10,000
  PI range    : PI-1..PI-29499
  MHz         : [150.0] (1 anchors)
  Expected    : 29,499 manifest rows
  Append tag  : merged_150
  Workers     : 4
  Legacy meta : 19,499 layout design_ids in manifest
  Impedance: skip if missing (MHz-only append on existing layouts)
  Skip existing: 688,477 (design_id, freq) pairs
  Missing-only: 0 manifest row(s) to append
  Indexing Impedance/ PI folders...
    found 15,000 PI folders
  Indexing 1 heatmap folder(s) (16 threads)...
    heatmaps_150MHz/: 15,000 PI folders
  Raw validation: nothing missing to append
  Raw validation OK
  Resolving impedance CSV paths (15,000 PI, 16 threads)...
    impedance paths: 15,000
  Building task list...
    tasks 0/29,499...
    tasks 2,000/29,499...
    tasks 4,000/29,499...
    tasks 6,000/29,499...
    tasks 8,000/29,499...
    tasks 10,000/29,499...
    tasks 12,000/29,499...
    tasks 14,000/29,499...
    tasks 16,000/29,499...
    tasks 18,000/29,499...
    tasks 20,000/29,499...
    tasks 22,000/29,499...
    tasks 24,000/29,499...
    tasks 26,000/29,499...
    tasks 28,000/29,499...
  Tasks to run: 0
Nothing to append.
Wrote dataset meta: /home/ubuntu/genai_pdn/datasets/data_multifreq_train/dataset_meta.json
  layouts=29499 samples=688477 size=43307.27 MB MHz=[10.0, 63.0, 80.0, 100.0, 120.0, 150.0, 170.0, 180.0, 200.0, 230.0, 250.0, 270.0, 280.0, 300.0, 330.0, 350.0, 370.0, 390.0, 400.0, 420.0, 430.0, 450.0, 470.0, 500.0]
[append-worker] 150 MHz manifest rows: 29,499 ({'merged_100_120_150': 29499})
[append-worker] done 150 MHz
[append-worker] queue empty — exiting
[append-worker] pid=35313 log=/home/ubuntu/genai_pdn/logs/append_worker.log
[append-worker] start 170 MHz tag=merged_170 raw=C:\Users\muthusamy\Desktop\Raw
Append merged combinations -> multifreq dataset
  Merged CSV  : /home/ubuntu/genai_pdn/data/heatmaps/peb_with_29k/all_combinations_merged.csv
  Index map   : /home/ubuntu/genai_pdn/data/heatmaps/peb_with_29k/merged_combinations_index_map.csv
  Raw root    : /mnt/c/Users/muthusamy/Desktop/Raw
  Output      : /home/ubuntu/genai_pdn/datasets/data_multifreq_train
  Rows        : 0..29498 (29,499 layouts)
    legacy=19,499  combinations=10,000
  PI range    : PI-1..PI-29499
  MHz         : [170.0] (1 anchors)
  Expected    : 29,499 manifest rows
  Append tag  : merged_170
  Workers     : 4
  Legacy meta : 19,499 layout design_ids in manifest
  Impedance: skip if missing (MHz-only append on existing layouts)
  Skip existing: 688,477 (design_id, freq) pairs
  Missing-only: 0 manifest row(s) to append
  Indexing Impedance/ PI folders...
    found 15,000 PI folders
  Indexing 1 heatmap folder(s) (16 threads)...
    heatmaps_170MHz/: 15,000 PI folders
  Raw validation: nothing missing to append
  Raw validation OK
  Resolving impedance CSV paths (15,000 PI, 16 threads)...
    impedance paths: 15,000
  Building task list...
    tasks 0/29,499...
    tasks 2,000/29,499...
    tasks 4,000/29,499...
    tasks 6,000/29,499...
    tasks 8,000/29,499...
    tasks 10,000/29,499...
    tasks 12,000/29,499...
    tasks 14,000/29,499...
    tasks 16,000/29,499...
    tasks 18,000/29,499...
    tasks 20,000/29,499...
    tasks 22,000/29,499...
    tasks 24,000/29,499...
    tasks 26,000/29,499...
    tasks 28,000/29,499...
  Tasks to run: 0
Nothing to append.
Wrote dataset meta: /home/ubuntu/genai_pdn/datasets/data_multifreq_train/dataset_meta.json
  layouts=29499 samples=688477 size=43307.27 MB MHz=[10.0, 63.0, 80.0, 100.0, 120.0, 150.0, 170.0, 180.0, 200.0, 230.0, 250.0, 270.0, 280.0, 300.0, 330.0, 350.0, 370.0, 390.0, 400.0, 420.0, 430.0, 450.0, 470.0, 500.0]
[append-worker] 170 MHz manifest rows: 29,499 ({'merged_170': 28927, 'merged_missing_fill': 572})
[append-worker] done 170 MHz
[append-worker] queue empty — exiting
[append-worker] pid=52390 log=/home/ubuntu/genai_pdn/logs/append_worker.log
[append-worker] start 180 MHz tag=merged_180 raw=C:\Users\muthusamy\Desktop\Raw
Append merged combinations -> multifreq dataset
  Merged CSV  : /home/ubuntu/genai_pdn/data/heatmaps/peb_with_29k/all_combinations_merged.csv
  Index map   : /home/ubuntu/genai_pdn/data/heatmaps/peb_with_29k/merged_combinations_index_map.csv
  Raw root    : /mnt/c/Users/muthusamy/Desktop/Raw
  Output      : /home/ubuntu/genai_pdn/datasets/data_multifreq_train
  Rows        : 0..29498 (29,499 layouts)
    legacy=19,499  combinations=10,000
  PI range    : PI-1..PI-29499
  MHz         : [180.0] (1 anchors)
  Expected    : 29,499 manifest rows
  Append tag  : merged_180
  Workers     : 4
  Legacy meta : 19,499 layout design_ids in manifest
  Impedance: skip if missing (MHz-only append on existing layouts)
  Skip existing: 688,477 (design_id, freq) pairs
  Missing-only: 0 manifest row(s) to append
  Indexing Impedance/ PI folders...
    found 15,000 PI folders
  Indexing 1 heatmap folder(s) (16 threads)...
    heatmaps_180MHz/: 15,000 PI folders
  Raw validation: nothing missing to append
  Raw validation OK
  Resolving impedance CSV paths (15,000 PI, 16 threads)...
    impedance paths: 15,000
  Building task list...
    tasks 0/29,499...
    tasks 2,000/29,499...
    tasks 4,000/29,499...
    tasks 6,000/29,499...
    tasks 8,000/29,499...
    tasks 10,000/29,499...
    tasks 12,000/29,499...
    tasks 14,000/29,499...
    tasks 16,000/29,499...
    tasks 18,000/29,499...
    tasks 20,000/29,499...
    tasks 22,000/29,499...
    tasks 24,000/29,499...
    tasks 26,000/29,499...
    tasks 28,000/29,499...
  Tasks to run: 0
Nothing to append.
Wrote dataset meta: /home/ubuntu/genai_pdn/datasets/data_multifreq_train/dataset_meta.json
  layouts=29499 samples=688477 size=43307.27 MB MHz=[10.0, 63.0, 80.0, 100.0, 120.0, 150.0, 170.0, 180.0, 200.0, 230.0, 250.0, 270.0, 280.0, 300.0, 330.0, 350.0, 370.0, 390.0, 400.0, 420.0, 430.0, 450.0, 470.0, 500.0]
[append-worker] 180 MHz manifest rows: 29,499 ({'merged_170': 29499})
[append-worker] done 180 MHz
[append-worker] queue empty — exiting
[append-worker] pid=32586 log=/home/ubuntu/genai_pdn/logs/append_worker.log
[append-worker] start 200 MHz tag=merged_200 raw=C:\Users\muthusamy\Desktop\Raw
Append merged combinations -> multifreq dataset
  Merged CSV  : /home/ubuntu/genai_pdn/data/heatmaps/peb_with_29k/all_combinations_merged.csv
  Index map   : /home/ubuntu/genai_pdn/data/heatmaps/peb_with_29k/merged_combinations_index_map.csv
  Raw root    : /mnt/c/Users/muthusamy/Desktop/Raw
  Output      : /home/ubuntu/genai_pdn/datasets/data_multifreq_train
  Rows        : 0..29498 (29,499 layouts)
    legacy=19,499  combinations=10,000
  PI range    : PI-1..PI-29499
  MHz         : [200.0] (1 anchors)
  Expected    : 29,499 manifest rows
  Append tag  : merged_200
  Workers     : 4
  Legacy meta : 19,499 layout design_ids in manifest
  Impedance: skip if missing (MHz-only append on existing layouts)
  Skip existing: 688,477 (design_id, freq) pairs
  Missing-only: 0 manifest row(s) to append
  Indexing Impedance/ PI folders...
    found 15,000 PI folders
  Indexing 1 heatmap folder(s) (16 threads)...
    heatmaps_200MHz/: 15,000 PI folders
  Raw validation: nothing missing to append
  Raw validation OK
  Resolving impedance CSV paths (15,000 PI, 16 threads)...
    impedance paths: 15,000
  Building task list...
    tasks 0/29,499...
    tasks 2,000/29,499...
    tasks 4,000/29,499...
    tasks 6,000/29,499...
    tasks 8,000/29,499...
    tasks 10,000/29,499...
    tasks 12,000/29,499...
    tasks 14,000/29,499...
    tasks 16,000/29,499...
    tasks 18,000/29,499...
    tasks 20,000/29,499...
    tasks 22,000/29,499...
    tasks 24,000/29,499...
    tasks 26,000/29,499...
    tasks 28,000/29,499...
  Tasks to run: 0
Nothing to append.
Wrote dataset meta: /home/ubuntu/genai_pdn/datasets/data_multifreq_train/dataset_meta.json
  layouts=29499 samples=688477 size=43307.27 MB MHz=[10.0, 63.0, 80.0, 100.0, 120.0, 150.0, 170.0, 180.0, 200.0, 230.0, 250.0, 270.0, 280.0, 300.0, 330.0, 350.0, 370.0, 390.0, 400.0, 420.0, 430.0, 450.0, 470.0, 500.0]
[append-worker] 200 MHz manifest rows: 29,499 ({'New_data_10000': 10000, 'restore_49k': 19499})
[append-worker] done 200 MHz
[append-worker] queue empty — exiting
[append-worker] pid=45802 log=/home/ubuntu/genai_pdn/logs/append_worker.log
[append-worker] start 230 MHz tag=merged_230 raw=C:\Users\muthusamy\Desktop\Raw
Append merged combinations -> multifreq dataset
  Merged CSV  : /home/ubuntu/genai_pdn/data/heatmaps/peb_with_29k/all_combinations_merged.csv
  Index map   : /home/ubuntu/genai_pdn/data/heatmaps/peb_with_29k/merged_combinations_index_map.csv
  Raw root    : /mnt/c/Users/muthusamy/Desktop/Raw
  Output      : /home/ubuntu/genai_pdn/datasets/data_multifreq_train
  Rows        : 0..29498 (29,499 layouts)
    legacy=19,499  combinations=10,000
  PI range    : PI-1..PI-29499
  MHz         : [230.0] (1 anchors)
  Expected    : 29,499 manifest rows
  Append tag  : merged_230
  Workers     : 4
  Legacy meta : 19,499 layout design_ids in manifest
  Impedance: skip if missing (MHz-only append on existing layouts)
  Skip existing: 688,477 (design_id, freq) pairs
  Missing-only: 0 manifest row(s) to append
  Indexing Impedance/ PI folders...
    found 15,000 PI folders
  Indexing 1 heatmap folder(s) (16 threads)...
    heatmaps_230MHz/: 15,000 PI folders
  Raw validation: nothing missing to append
  Raw validation OK
  Resolving impedance CSV paths (15,000 PI, 16 threads)...
    impedance paths: 15,000
  Building task list...
    tasks 0/29,499...
    tasks 2,000/29,499...
    tasks 4,000/29,499...
    tasks 6,000/29,499...
    tasks 8,000/29,499...
    tasks 10,000/29,499...
    tasks 12,000/29,499...
    tasks 14,000/29,499...
    tasks 16,000/29,499...
    tasks 18,000/29,499...
    tasks 20,000/29,499...
    tasks 22,000/29,499...
    tasks 24,000/29,499...
    tasks 26,000/29,499...
    tasks 28,000/29,499...
  Tasks to run: 0
Nothing to append.
Wrote dataset meta: /home/ubuntu/genai_pdn/datasets/data_multifreq_train/dataset_meta.json
  layouts=29499 samples=688477 size=43307.27 MB MHz=[10.0, 63.0, 80.0, 100.0, 120.0, 150.0, 170.0, 180.0, 200.0, 230.0, 250.0, 270.0, 280.0, 300.0, 330.0, 350.0, 370.0, 390.0, 400.0, 420.0, 430.0, 450.0, 470.0, 500.0]
[append-worker] 230 MHz manifest rows: 29,499 ({'New_data_10000': 10000, 'restore_49k': 19499})
[append-worker] done 230 MHz
[append-worker] queue empty — exiting
[append-worker] pid=61441 log=/home/ubuntu/genai_pdn/logs/append_worker.log
[append-worker] start 250 MHz tag=merged_250 raw=C:\Users\muthusamy\Desktop\Raw
Append merged combinations -> multifreq dataset
  Merged CSV  : /home/ubuntu/genai_pdn/data/heatmaps/peb_with_29k/all_combinations_merged.csv
  Index map   : /home/ubuntu/genai_pdn/data/heatmaps/peb_with_29k/merged_combinations_index_map.csv
  Raw root    : /mnt/c/Users/muthusamy/Desktop/Raw
  Output      : /home/ubuntu/genai_pdn/datasets/data_multifreq_train
  Rows        : 0..29498 (29,499 layouts)
    legacy=19,499  combinations=10,000
  PI range    : PI-1..PI-29499
  MHz         : [250.0] (1 anchors)
  Expected    : 29,499 manifest rows
  Append tag  : merged_250
  Workers     : 4
  Legacy meta : 19,499 layout design_ids in manifest
  Impedance: skip if missing (MHz-only append on existing layouts)
  Skip existing: 688,477 (design_id, freq) pairs
  Missing-only: 0 manifest row(s) to append
  Indexing Impedance/ PI folders...
    found 15,000 PI folders
  Indexing 1 heatmap folder(s) (16 threads)...
    heatmaps_250MHz/: 15,000 PI folders
  Raw validation: nothing missing to append
  Raw validation OK
  Resolving impedance CSV paths (15,000 PI, 16 threads)...
    impedance paths: 15,000
  Building task list...
    tasks 0/29,499...
    tasks 2,000/29,499...
    tasks 4,000/29,499...
    tasks 6,000/29,499...
    tasks 8,000/29,499...
    tasks 10,000/29,499...
    tasks 12,000/29,499...
    tasks 14,000/29,499...
    tasks 16,000/29,499...
    tasks 18,000/29,499...
    tasks 20,000/29,499...
    tasks 22,000/29,499...
    tasks 24,000/29,499...
    tasks 26,000/29,499...
    tasks 28,000/29,499...
  Tasks to run: 0
Nothing to append.
Wrote dataset meta: /home/ubuntu/genai_pdn/datasets/data_multifreq_train/dataset_meta.json
  layouts=29499 samples=688477 size=43307.27 MB MHz=[10.0, 63.0, 80.0, 100.0, 120.0, 150.0, 170.0, 180.0, 200.0, 230.0, 250.0, 270.0, 280.0, 300.0, 330.0, 350.0, 370.0, 390.0, 400.0, 420.0, 430.0, 450.0, 470.0, 500.0]
[append-worker] 250 MHz manifest rows: 29,499 ({'New_data_10000': 10000, 'restore_49k': 19499})
[append-worker] done 250 MHz
[append-worker] queue empty — exiting
[append-worker] pid=2836 log=/home/ubuntu/genai_pdn/logs/append_worker.log
[append-worker] start 270 MHz tag=merged_270 raw=C:\Users\muthusamy\Desktop\Raw
Append merged combinations -> multifreq dataset
  Merged CSV  : /home/ubuntu/genai_pdn/data/heatmaps/peb_with_29k/all_combinations_merged.csv
  Index map   : /home/ubuntu/genai_pdn/data/heatmaps/peb_with_29k/merged_combinations_index_map.csv
  Raw root    : /mnt/c/Users/muthusamy/Desktop/Raw
  Output      : /home/ubuntu/genai_pdn/datasets/data_multifreq_train
  Rows        : 0..29498 (29,499 layouts)
    legacy=19,499  combinations=10,000
  PI range    : PI-1..PI-29499
  MHz         : [270.0] (1 anchors)
  Expected    : 29,499 manifest rows
  Append tag  : merged_270
  Workers     : 4
  Legacy meta : 19,499 layout design_ids in manifest
  Impedance: skip if missing (MHz-only append on existing layouts)
  Skip existing: 688,477 (design_id, freq) pairs
  Missing-only: 0 manifest row(s) to append
  Indexing Impedance/ PI folders...
    found 15,000 PI folders
  Indexing 1 heatmap folder(s) (16 threads)...
    heatmaps_270MHz/: 15,000 PI folders
  Raw validation: nothing missing to append
  Raw validation OK
  Resolving impedance CSV paths (15,000 PI, 16 threads)...
    impedance paths: 15,000
  Building task list...
    tasks 0/29,499...
    tasks 2,000/29,499...
    tasks 4,000/29,499...
    tasks 6,000/29,499...
    tasks 8,000/29,499...
    tasks 10,000/29,499...
    tasks 12,000/29,499...
    tasks 14,000/29,499...
    tasks 16,000/29,499...
    tasks 18,000/29,499...
    tasks 20,000/29,499...
    tasks 22,000/29,499...
    tasks 24,000/29,499...
    tasks 26,000/29,499...
    tasks 28,000/29,499...
  Tasks to run: 0
Nothing to append.
Wrote dataset meta: /home/ubuntu/genai_pdn/datasets/data_multifreq_train/dataset_meta.json
  layouts=29499 samples=688477 size=43307.27 MB MHz=[10.0, 63.0, 80.0, 100.0, 120.0, 150.0, 170.0, 180.0, 200.0, 230.0, 250.0, 270.0, 280.0, 300.0, 330.0, 350.0, 370.0, 390.0, 400.0, 420.0, 430.0, 450.0, 470.0, 500.0]
[append-worker] 270 MHz manifest rows: 29,499 ({'New_data_10000': 10000, 'restore_49k': 19499})
[append-worker] done 270 MHz
[append-worker] queue empty — exiting
[append-worker] pid=18076 log=/home/ubuntu/genai_pdn/logs/append_worker.log
[append-worker] start 280 MHz tag=merged_280 raw=C:\Users\muthusamy\Desktop\Raw
Append merged combinations -> multifreq dataset
  Merged CSV  : /home/ubuntu/genai_pdn/data/heatmaps/peb_with_29k/all_combinations_merged.csv
  Index map   : /home/ubuntu/genai_pdn/data/heatmaps/peb_with_29k/merged_combinations_index_map.csv
  Raw root    : /mnt/c/Users/muthusamy/Desktop/Raw
  Output      : /home/ubuntu/genai_pdn/datasets/data_multifreq_train
  Rows        : 0..29498 (29,499 layouts)
    legacy=19,499  combinations=10,000
  PI range    : PI-1..PI-29499
  MHz         : [280.0] (1 anchors)
  Expected    : 29,499 manifest rows
  Append tag  : merged_280
  Workers     : 4
  Legacy meta : 19,499 layout design_ids in manifest
  Impedance: skip if missing (MHz-only append on existing layouts)
  Skip existing: 688,477 (design_id, freq) pairs
  Missing-only: 0 manifest row(s) to append
  Indexing Impedance/ PI folders...
    found 15,000 PI folders
  Indexing 1 heatmap folder(s) (16 threads)...
    heatmaps_280MHz/: 15,000 PI folders
  Raw validation: nothing missing to append
  Raw validation OK
  Resolving impedance CSV paths (15,000 PI, 16 threads)...
    impedance paths: 15,000
  Building task list...
    tasks 0/29,499...
    tasks 2,000/29,499...
    tasks 4,000/29,499...
    tasks 6,000/29,499...
    tasks 8,000/29,499...
    tasks 10,000/29,499...
    tasks 12,000/29,499...
    tasks 14,000/29,499...
    tasks 16,000/29,499...
    tasks 18,000/29,499...
    tasks 20,000/29,499...
    tasks 22,000/29,499...
    tasks 24,000/29,499...
    tasks 26,000/29,499...
    tasks 28,000/29,499...
  Tasks to run: 0
Nothing to append.
Wrote dataset meta: /home/ubuntu/genai_pdn/datasets/data_multifreq_train/dataset_meta.json
  layouts=29499 samples=688477 size=43307.27 MB MHz=[10.0, 63.0, 80.0, 100.0, 120.0, 150.0, 170.0, 180.0, 200.0, 230.0, 250.0, 270.0, 280.0, 300.0, 330.0, 350.0, 370.0, 390.0, 400.0, 420.0, 430.0, 450.0, 470.0, 500.0]
[append-worker] 280 MHz manifest rows: 29,499 ({'merged_170': 28927, 'merged_missing_fill': 572})
[append-worker] done 280 MHz
[append-worker] queue empty — exiting
[append-worker] pid=33327 log=/home/ubuntu/genai_pdn/logs/append_worker.log
[append-worker] start 300 MHz tag=merged_300 raw=C:\Users\muthusamy\Desktop\Raw
Append merged combinations -> multifreq dataset
  Merged CSV  : /home/ubuntu/genai_pdn/data/heatmaps/peb_with_29k/all_combinations_merged.csv
  Index map   : /home/ubuntu/genai_pdn/data/heatmaps/peb_with_29k/merged_combinations_index_map.csv
  Raw root    : /mnt/c/Users/muthusamy/Desktop/Raw
  Output      : /home/ubuntu/genai_pdn/datasets/data_multifreq_train
  Rows        : 0..29498 (29,499 layouts)
    legacy=19,499  combinations=10,000
  PI range    : PI-1..PI-29499
  MHz         : [300.0] (1 anchors)
  Expected    : 29,499 manifest rows
  Append tag  : merged_300
  Workers     : 4
  Legacy meta : 19,499 layout design_ids in manifest
  Impedance: skip if missing (MHz-only append on existing layouts)
  Skip existing: 688,477 (design_id, freq) pairs
  Missing-only: 0 manifest row(s) to append
  Indexing Impedance/ PI folders...
    found 15,000 PI folders
  Indexing 1 heatmap folder(s) (16 threads)...
    heatmaps_300MHz/: 15,000 PI folders
  Raw validation: nothing missing to append
  Raw validation OK
  Resolving impedance CSV paths (15,000 PI, 16 threads)...
    impedance paths: 15,000
  Building task list...
    tasks 0/29,499...
    tasks 2,000/29,499...
    tasks 4,000/29,499...
    tasks 6,000/29,499...
    tasks 8,000/29,499...
    tasks 10,000/29,499...
    tasks 12,000/29,499...
    tasks 14,000/29,499...
    tasks 16,000/29,499...
    tasks 18,000/29,499...
    tasks 20,000/29,499...
    tasks 22,000/29,499...
    tasks 24,000/29,499...
    tasks 26,000/29,499...
    tasks 28,000/29,499...
  Tasks to run: 0
Nothing to append.
Wrote dataset meta: /home/ubuntu/genai_pdn/datasets/data_multifreq_train/dataset_meta.json
  layouts=29499 samples=688477 size=43307.27 MB MHz=[10.0, 63.0, 80.0, 100.0, 120.0, 150.0, 170.0, 180.0, 200.0, 230.0, 250.0, 270.0, 280.0, 300.0, 330.0, 350.0, 370.0, 390.0, 400.0, 420.0, 430.0, 450.0, 470.0, 500.0]
[append-worker] 300 MHz manifest rows: 29,499 ({'New_data_10000': 10000, 'restore_49k': 19499})
[append-worker] done 300 MHz
[append-worker] queue empty — exiting
[append-worker] pid=48181 log=/home/ubuntu/genai_pdn/logs/append_worker.log
[append-worker] start 330 MHz tag=merged_330 raw=C:\Users\muthusamy\Desktop\Raw
Append merged combinations -> multifreq dataset
  Merged CSV  : /home/ubuntu/genai_pdn/data/heatmaps/peb_with_29k/all_combinations_merged.csv
  Index map   : /home/ubuntu/genai_pdn/data/heatmaps/peb_with_29k/merged_combinations_index_map.csv
  Raw root    : /mnt/c/Users/muthusamy/Desktop/Raw
  Output      : /home/ubuntu/genai_pdn/datasets/data_multifreq_train
  Rows        : 0..29498 (29,499 layouts)
    legacy=19,499  combinations=10,000
  PI range    : PI-1..PI-29499
  MHz         : [330.0] (1 anchors)
  Expected    : 29,499 manifest rows
  Append tag  : merged_330
  Workers     : 4
  Legacy meta : 19,499 layout design_ids in manifest
  Impedance: skip if missing (MHz-only append on existing layouts)
  Skip existing: 688,477 (design_id, freq) pairs
  Missing-only: 0 manifest row(s) to append
  Indexing Impedance/ PI folders...
    found 15,000 PI folders
  Indexing 1 heatmap folder(s) (16 threads)...
    heatmaps_330MHz/: 15,000 PI folders
  Raw validation: nothing missing to append
  Raw validation OK
  Resolving impedance CSV paths (15,000 PI, 16 threads)...
    impedance paths: 15,000
  Building task list...
    tasks 0/29,499...
    tasks 2,000/29,499...
    tasks 4,000/29,499...
    tasks 6,000/29,499...
    tasks 8,000/29,499...
    tasks 10,000/29,499...
    tasks 12,000/29,499...
    tasks 14,000/29,499...
    tasks 16,000/29,499...
    tasks 18,000/29,499...
    tasks 20,000/29,499...
    tasks 22,000/29,499...
    tasks 24,000/29,499...
    tasks 26,000/29,499...
    tasks 28,000/29,499...
  Tasks to run: 0
Nothing to append.
Wrote dataset meta: /home/ubuntu/genai_pdn/datasets/data_multifreq_train/dataset_meta.json
  layouts=29499 samples=688477 size=43307.27 MB MHz=[10.0, 63.0, 80.0, 100.0, 120.0, 150.0, 170.0, 180.0, 200.0, 230.0, 250.0, 270.0, 280.0, 300.0, 330.0, 350.0, 370.0, 390.0, 400.0, 420.0, 430.0, 450.0, 470.0, 500.0]
[append-worker] 330 MHz manifest rows: 29,499 ({'New_data_10000': 10000, 'restore_49k': 19499})
[append-worker] done 330 MHz
[append-worker] queue empty — exiting
[append-worker] pid=63175 log=/home/ubuntu/genai_pdn/logs/append_worker.log
[append-worker] start 350 MHz tag=merged_350 raw=C:\Users\muthusamy\Desktop\Raw
Append merged combinations -> multifreq dataset
  Merged CSV  : /home/ubuntu/genai_pdn/data/heatmaps/peb_with_29k/all_combinations_merged.csv
  Index map   : /home/ubuntu/genai_pdn/data/heatmaps/peb_with_29k/merged_combinations_index_map.csv
  Raw root    : /mnt/c/Users/muthusamy/Desktop/Raw
  Output      : /home/ubuntu/genai_pdn/datasets/data_multifreq_train
  Rows        : 0..29498 (29,499 layouts)
    legacy=19,499  combinations=10,000
  PI range    : PI-1..PI-29499
  MHz         : [350.0] (1 anchors)
  Expected    : 29,499 manifest rows
  Append tag  : merged_350
  Workers     : 4
  Legacy meta : 19,499 layout design_ids in manifest
  Impedance: skip if missing (MHz-only append on existing layouts)
  Skip existing: 688,477 (design_id, freq) pairs
  Missing-only: 0 manifest row(s) to append
  Indexing Impedance/ PI folders...
    found 15,000 PI folders
  Indexing 1 heatmap folder(s) (16 threads)...
    heatmaps_350MHz/: 15,000 PI folders
  Raw validation: nothing missing to append
  Raw validation OK
  Resolving impedance CSV paths (15,000 PI, 16 threads)...
    impedance paths: 15,000
  Building task list...
    tasks 0/29,499...
    tasks 2,000/29,499...
    tasks 4,000/29,499...
    tasks 6,000/29,499...
    tasks 8,000/29,499...
    tasks 10,000/29,499...
    tasks 12,000/29,499...
    tasks 14,000/29,499...
    tasks 16,000/29,499...
    tasks 18,000/29,499...
    tasks 20,000/29,499...
    tasks 22,000/29,499...
    tasks 24,000/29,499...
    tasks 26,000/29,499...
    tasks 28,000/29,499...
  Tasks to run: 0
Nothing to append.
Wrote dataset meta: /home/ubuntu/genai_pdn/datasets/data_multifreq_train/dataset_meta.json
  layouts=29499 samples=688477 size=43307.27 MB MHz=[10.0, 63.0, 80.0, 100.0, 120.0, 150.0, 170.0, 180.0, 200.0, 230.0, 250.0, 270.0, 280.0, 300.0, 330.0, 350.0, 370.0, 390.0, 400.0, 420.0, 430.0, 450.0, 470.0, 500.0]
[append-worker] 350 MHz manifest rows: 29,499 ({'(none)': 19499, 'New_data_10000': 10000})
[append-worker] done 350 MHz
[append-worker] queue empty — exiting
[append-worker] pid=4644 log=/home/ubuntu/genai_pdn/logs/append_worker.log
[append-worker] start 370 MHz tag=merged_370 raw=C:\Users\muthusamy\Desktop\Raw
Append merged combinations -> multifreq dataset
  Merged CSV  : /home/ubuntu/genai_pdn/data/heatmaps/peb_with_29k/all_combinations_merged.csv
  Index map   : /home/ubuntu/genai_pdn/data/heatmaps/peb_with_29k/merged_combinations_index_map.csv
  Raw root    : /mnt/c/Users/muthusamy/Desktop/Raw
  Output      : /home/ubuntu/genai_pdn/datasets/data_multifreq_train
  Rows        : 0..29498 (29,499 layouts)
    legacy=19,499  combinations=10,000
  PI range    : PI-1..PI-29499
  MHz         : [370.0] (1 anchors)
  Expected    : 29,499 manifest rows
  Append tag  : merged_370
  Workers     : 4
  Legacy meta : 19,499 layout design_ids in manifest
  Impedance: skip if missing (MHz-only append on existing layouts)
  Skip existing: 688,477 (design_id, freq) pairs
  Missing-only: 0 manifest row(s) to append
  Indexing Impedance/ PI folders...
    found 15,000 PI folders
  Indexing 1 heatmap folder(s) (16 threads)...
    heatmaps_370MHz/: 15,000 PI folders
  Raw validation: nothing missing to append
  Raw validation OK
  Resolving impedance CSV paths (15,000 PI, 16 threads)...
    impedance paths: 15,000
  Building task list...
    tasks 0/29,499...
    tasks 2,000/29,499...
    tasks 4,000/29,499...
    tasks 6,000/29,499...
    tasks 8,000/29,499...
    tasks 10,000/29,499...
    tasks 12,000/29,499...
    tasks 14,000/29,499...
    tasks 16,000/29,499...
    tasks 18,000/29,499...
    tasks 20,000/29,499...
    tasks 22,000/29,499...
    tasks 24,000/29,499...
    tasks 26,000/29,499...
    tasks 28,000/29,499...
  Tasks to run: 0
Nothing to append.
Wrote dataset meta: /home/ubuntu/genai_pdn/datasets/data_multifreq_train/dataset_meta.json
  layouts=29499 samples=688477 size=43307.27 MB MHz=[10.0, 63.0, 80.0, 100.0, 120.0, 150.0, 170.0, 180.0, 200.0, 230.0, 250.0, 270.0, 280.0, 300.0, 330.0, 350.0, 370.0, 390.0, 400.0, 420.0, 430.0, 450.0, 470.0, 500.0]
[append-worker] 370 MHz manifest rows: 29,499 ({'(none)': 19499, 'New_data_10000': 10000})
[append-worker] done 370 MHz
[append-worker] queue empty — exiting
[append-worker] pid=19595 log=/home/ubuntu/genai_pdn/logs/append_worker.log
[append-worker] start 390 MHz tag=merged_390 raw=C:\Users\muthusamy\Desktop\Raw
Append merged combinations -> multifreq dataset
  Merged CSV  : /home/ubuntu/genai_pdn/data/heatmaps/peb_with_29k/all_combinations_merged.csv
  Index map   : /home/ubuntu/genai_pdn/data/heatmaps/peb_with_29k/merged_combinations_index_map.csv
  Raw root    : /mnt/c/Users/muthusamy/Desktop/Raw
  Output      : /home/ubuntu/genai_pdn/datasets/data_multifreq_train
  Rows        : 0..29498 (29,499 layouts)
    legacy=19,499  combinations=10,000
  PI range    : PI-1..PI-29499
  MHz         : [390.0] (1 anchors)
  Expected    : 29,499 manifest rows
  Append tag  : merged_390
  Workers     : 4
  Legacy meta : 19,499 layout design_ids in manifest
  Impedance: skip if missing (MHz-only append on existing layouts)
  Skip existing: 688,477 (design_id, freq) pairs
  Missing-only: 0 manifest row(s) to append
  Indexing Impedance/ PI folders...
    found 15,000 PI folders
  Indexing 1 heatmap folder(s) (16 threads)...
    heatmaps_390MHz/: 15,000 PI folders
  Raw validation: nothing missing to append
  Raw validation OK
  Resolving impedance CSV paths (15,000 PI, 16 threads)...
    impedance paths: 15,000
  Building task list...
    tasks 0/29,499...
    tasks 2,000/29,499...
    tasks 4,000/29,499...
    tasks 6,000/29,499...
    tasks 8,000/29,499...
    tasks 10,000/29,499...
    tasks 12,000/29,499...
    tasks 14,000/29,499...
    tasks 16,000/29,499...
    tasks 18,000/29,499...
    tasks 20,000/29,499...
    tasks 22,000/29,499...
    tasks 24,000/29,499...
    tasks 26,000/29,499...
    tasks 28,000/29,499...
  Tasks to run: 0
Nothing to append.
Wrote dataset meta: /home/ubuntu/genai_pdn/datasets/data_multifreq_train/dataset_meta.json
  layouts=29499 samples=688477 size=43307.27 MB MHz=[10.0, 63.0, 80.0, 100.0, 120.0, 150.0, 170.0, 180.0, 200.0, 230.0, 250.0, 270.0, 280.0, 300.0, 330.0, 350.0, 370.0, 390.0, 400.0, 420.0, 430.0, 450.0, 470.0, 500.0]
[append-worker] 390 MHz manifest rows: 29,499 ({'(none)': 19499, 'New_data_10000': 10000})
[append-worker] done 390 MHz
[append-worker] queue empty — exiting
[append-worker] pid=34537 log=/home/ubuntu/genai_pdn/logs/append_worker.log
[append-worker] start 400 MHz tag=merged_400 raw=C:\Users\muthusamy\Desktop\Raw
Append merged combinations -> multifreq dataset
  Merged CSV  : /home/ubuntu/genai_pdn/data/heatmaps/peb_with_29k/all_combinations_merged.csv
  Index map   : /home/ubuntu/genai_pdn/data/heatmaps/peb_with_29k/merged_combinations_index_map.csv
  Raw root    : /mnt/c/Users/muthusamy/Desktop/Raw
  Output      : /home/ubuntu/genai_pdn/datasets/data_multifreq_train
  Rows        : 0..29498 (29,499 layouts)
    legacy=19,499  combinations=10,000
  PI range    : PI-1..PI-29499
  MHz         : [400.0] (1 anchors)
  Expected    : 29,499 manifest rows
  Append tag  : merged_400
  Workers     : 4
  Legacy meta : 19,499 layout design_ids in manifest
  Impedance: skip if missing (MHz-only append on existing layouts)
  Skip existing: 688,477 (design_id, freq) pairs
  Missing-only: 0 manifest row(s) to append
  Indexing Impedance/ PI folders...
    found 15,000 PI folders
  Indexing 1 heatmap folder(s) (16 threads)...
    heatmaps_400MHz/: 15,000 PI folders
  Raw validation: nothing missing to append
  Raw validation OK
  Resolving impedance CSV paths (15,000 PI, 16 threads)...
    impedance paths: 15,000
  Building task list...
    tasks 0/29,499...
    tasks 2,000/29,499...
    tasks 4,000/29,499...
    tasks 6,000/29,499...
    tasks 8,000/29,499...
    tasks 10,000/29,499...
    tasks 12,000/29,499...
    tasks 14,000/29,499...
    tasks 16,000/29,499...
    tasks 18,000/29,499...
    tasks 20,000/29,499...
    tasks 22,000/29,499...
    tasks 24,000/29,499...
    tasks 26,000/29,499...
    tasks 28,000/29,499...
  Tasks to run: 0
Nothing to append.
Wrote dataset meta: /home/ubuntu/genai_pdn/datasets/data_multifreq_train/dataset_meta.json
  layouts=29499 samples=688477 size=43307.27 MB MHz=[10.0, 63.0, 80.0, 100.0, 120.0, 150.0, 170.0, 180.0, 200.0, 230.0, 250.0, 270.0, 280.0, 300.0, 330.0, 350.0, 370.0, 390.0, 400.0, 420.0, 430.0, 450.0, 470.0, 500.0]
[append-worker] 400 MHz manifest rows: 29,499 ({'New_data_10000': 10000, 'restore_49k': 19499})
[append-worker] done 400 MHz
[append-worker] queue empty — exiting
[append-worker] pid=49330 log=/home/ubuntu/genai_pdn/logs/append_worker.log
[append-worker] start 420 MHz tag=merged_420 raw=C:\Users\muthusamy\Desktop\Raw
Append merged combinations -> multifreq dataset
  Merged CSV  : /home/ubuntu/genai_pdn/data/heatmaps/peb_with_29k/all_combinations_merged.csv
  Index map   : /home/ubuntu/genai_pdn/data/heatmaps/peb_with_29k/merged_combinations_index_map.csv
  Raw root    : /mnt/c/Users/muthusamy/Desktop/Raw
  Output      : /home/ubuntu/genai_pdn/datasets/data_multifreq_train
  Rows        : 0..29498 (29,499 layouts)
    legacy=19,499  combinations=10,000
  PI range    : PI-1..PI-29499
  MHz         : [420.0] (1 anchors)
  Expected    : 29,499 manifest rows
  Append tag  : merged_420
  Workers     : 4
  Legacy meta : 19,499 layout design_ids in manifest
  Impedance: skip if missing (MHz-only append on existing layouts)
  Skip existing: 688,477 (design_id, freq) pairs
  Missing-only: 0 manifest row(s) to append
  Indexing Impedance/ PI folders...
    found 15,000 PI folders
  Indexing 1 heatmap folder(s) (16 threads)...
    heatmaps_420MHz/: 15,000 PI folders
  Raw validation: nothing missing to append
  Raw validation OK
  Resolving impedance CSV paths (15,000 PI, 16 threads)...
    impedance paths: 15,000
  Building task list...
    tasks 0/29,499...
    tasks 2,000/29,499...
    tasks 4,000/29,499...
    tasks 6,000/29,499...
    tasks 8,000/29,499...
    tasks 10,000/29,499...
    tasks 12,000/29,499...
    tasks 14,000/29,499...
    tasks 16,000/29,499...
    tasks 18,000/29,499...
    tasks 20,000/29,499...
    tasks 22,000/29,499...
    tasks 24,000/29,499...
    tasks 26,000/29,499...
    tasks 28,000/29,499...
  Tasks to run: 0
Nothing to append.
Wrote dataset meta: /home/ubuntu/genai_pdn/datasets/data_multifreq_train/dataset_meta.json
  layouts=29499 samples=688477 size=43307.27 MB MHz=[10.0, 63.0, 80.0, 100.0, 120.0, 150.0, 170.0, 180.0, 200.0, 230.0, 250.0, 270.0, 280.0, 300.0, 330.0, 350.0, 370.0, 390.0, 400.0, 420.0, 430.0, 450.0, 470.0, 500.0]
[append-worker] 420 MHz manifest rows: 29,499 ({'(none)': 19499, 'New_data_10000': 10000})
[append-worker] done 420 MHz
[append-worker] queue empty — exiting
[append-worker] pid=69897 log=/home/ubuntu/genai_pdn/logs/append_worker.log
[append-worker] start 430 MHz tag=merged_430 raw=C:\Users\muthusamy\Desktop\Raw
Append merged combinations -> multifreq dataset
  Merged CSV  : /home/ubuntu/genai_pdn/data/heatmaps/peb_with_29k/all_combinations_merged.csv
  Index map   : /home/ubuntu/genai_pdn/data/heatmaps/peb_with_29k/merged_combinations_index_map.csv
  Raw root    : /mnt/c/Users/muthusamy/Desktop/Raw
  Output      : /home/ubuntu/genai_pdn/datasets/data_multifreq_train
  Rows        : 0..29498 (29,499 layouts)
    legacy=19,499  combinations=10,000
  PI range    : PI-1..PI-29499
  MHz         : [430.0] (1 anchors)
  Expected    : 29,499 manifest rows
  Append tag  : merged_430
  Workers     : 4
  Legacy meta : 19,499 layout design_ids in manifest
  Impedance: skip if missing (MHz-only append on existing layouts)
  Skip existing: 688,477 (design_id, freq) pairs
  Missing-only: 0 manifest row(s) to append
  Indexing Impedance/ PI folders...
    found 15,000 PI folders
  Indexing 1 heatmap folder(s) (16 threads)...
    heatmaps_430MHz/: 15,000 PI folders
  Raw validation: nothing missing to append
  Raw validation OK
  Resolving impedance CSV paths (15,000 PI, 16 threads)...
    impedance paths: 15,000
  Building task list...
    tasks 0/29,499...
    tasks 2,000/29,499...
    tasks 4,000/29,499...
    tasks 6,000/29,499...
    tasks 8,000/29,499...
    tasks 10,000/29,499...
    tasks 12,000/29,499...
    tasks 14,000/29,499...
    tasks 16,000/29,499...
    tasks 18,000/29,499...
    tasks 20,000/29,499...
    tasks 22,000/29,499...
    tasks 24,000/29,499...
    tasks 26,000/29,499...
    tasks 28,000/29,499...
  Tasks to run: 0
Nothing to append.
Wrote dataset meta: /home/ubuntu/genai_pdn/datasets/data_multifreq_train/dataset_meta.json
  layouts=29499 samples=688477 size=43307.27 MB MHz=[10.0, 63.0, 80.0, 100.0, 120.0, 150.0, 170.0, 180.0, 200.0, 230.0, 250.0, 270.0, 280.0, 300.0, 330.0, 350.0, 370.0, 390.0, 400.0, 420.0, 430.0, 450.0, 470.0, 500.0]
[append-worker] 430 MHz manifest rows: 29,499 ({'merged_170': 28926, 'merged_missing_fill': 573})
[append-worker] done 430 MHz
[append-worker] queue empty — exiting
[append-worker] pid=37015 log=/home/ubuntu/genai_pdn/logs/append_worker.log
[append-worker] start 450 MHz tag=merged_450 raw=C:\Users\muthusamy\Desktop\Raw
Append merged combinations -> multifreq dataset
  Merged CSV  : /home/ubuntu/genai_pdn/data/heatmaps/peb_with_29k/all_combinations_merged.csv
  Index map   : /home/ubuntu/genai_pdn/data/heatmaps/peb_with_29k/merged_combinations_index_map.csv
  Raw root    : /mnt/c/Users/muthusamy/Desktop/Raw
  Output      : /home/ubuntu/genai_pdn/datasets/data_multifreq_train
  Rows        : 0..29498 (29,499 layouts)
    legacy=19,499  combinations=10,000
  PI range    : PI-1..PI-29499
  MHz         : [450.0] (1 anchors)
  Expected    : 29,499 manifest rows
  Append tag  : merged_450
  Workers     : 4
  Legacy meta : 19,499 layout design_ids in manifest
  Impedance: skip if missing (MHz-only append on existing layouts)
  Skip existing: 688,477 (design_id, freq) pairs
  Missing-only: 0 manifest row(s) to append
  Indexing Impedance/ PI folders...
    found 15,000 PI folders
  Indexing 1 heatmap folder(s) (16 threads)...
    heatmaps_450MHz/: 15,000 PI folders
  Raw validation: nothing missing to append
  Raw validation OK
  Resolving impedance CSV paths (15,000 PI, 16 threads)...
    impedance paths: 15,000
  Building task list...
    tasks 0/29,499...
    tasks 2,000/29,499...
    tasks 4,000/29,499...
    tasks 6,000/29,499...
    tasks 8,000/29,499...
    tasks 10,000/29,499...
    tasks 12,000/29,499...
    tasks 14,000/29,499...
    tasks 16,000/29,499...
    tasks 18,000/29,499...
    tasks 20,000/29,499...
    tasks 22,000/29,499...
    tasks 24,000/29,499...
    tasks 26,000/29,499...
    tasks 28,000/29,499...
  Tasks to run: 0
Nothing to append.
Wrote dataset meta: /home/ubuntu/genai_pdn/datasets/data_multifreq_train/dataset_meta.json
  layouts=29499 samples=688477 size=43307.27 MB MHz=[10.0, 63.0, 80.0, 100.0, 120.0, 150.0, 170.0, 180.0, 200.0, 230.0, 250.0, 270.0, 280.0, 300.0, 330.0, 350.0, 370.0, 390.0, 400.0, 420.0, 430.0, 450.0, 470.0, 500.0]
[append-worker] 450 MHz manifest rows: 29,499 ({'(none)': 19499, 'New_data_10000': 10000})
[append-worker] done 450 MHz
[append-worker] queue empty — exiting
[append-worker] pid=48515 log=/home/ubuntu/genai_pdn/logs/append_worker.log
[append-worker] queue empty — exiting
[append-worker] pid=54116 log=/home/ubuntu/genai_pdn/logs/append_worker.log
[append-worker] start 500 MHz tag=merged_500 raw=C:\Users\muthusamy\Desktop\Raw
Append merged combinations -> multifreq dataset
  Merged CSV  : /home/ubuntu/genai_pdn/data/heatmaps/peb_with_29k/all_combinations_merged.csv
  Index map   : /home/ubuntu/genai_pdn/data/heatmaps/peb_with_29k/merged_combinations_index_map.csv
  Raw root    : /mnt/c/Users/muthusamy/Desktop/Raw
  Output      : /home/ubuntu/genai_pdn/datasets/data_multifreq_train
  Rows        : 0..29498 (29,499 layouts)
    legacy=19,499  combinations=10,000
  PI range    : PI-1..PI-29499
  MHz         : [500.0] (1 anchors)
  Expected    : 29,499 manifest rows
  Append tag  : merged_500
  Workers     : 4
  Legacy meta : 19,499 layout design_ids in manifest
  Impedance: skip if missing (MHz-only append on existing layouts)
  Skip existing: 688,477 (design_id, freq) pairs
  Missing-only: 0 manifest row(s) to append
  Indexing Impedance/ PI folders...
    found 15,000 PI folders
  Indexing 1 heatmap folder(s) (16 threads)...
    heatmaps_500MHz/: 15,000 PI folders
  Raw validation: nothing missing to append
  Raw validation OK
  Resolving impedance CSV paths (15,000 PI, 16 threads)...
    impedance paths: 15,000
  Building task list...
    tasks 0/29,499...
    tasks 2,000/29,499...
    tasks 4,000/29,499...
    tasks 6,000/29,499...
    tasks 8,000/29,499...
    tasks 10,000/29,499...
    tasks 12,000/29,499...
    tasks 14,000/29,499...
    tasks 16,000/29,499...
    tasks 18,000/29,499...
    tasks 20,000/29,499...
    tasks 22,000/29,499...
    tasks 24,000/29,499...
    tasks 26,000/29,499...
    tasks 28,000/29,499...
  Tasks to run: 0
Nothing to append.
Wrote dataset meta: /home/ubuntu/genai_pdn/datasets/data_multifreq_train/dataset_meta.json
  layouts=29499 samples=688477 size=43307.27 MB MHz=[10.0, 63.0, 80.0, 100.0, 120.0, 150.0, 170.0, 180.0, 200.0, 230.0, 250.0, 270.0, 280.0, 300.0, 330.0, 350.0, 370.0, 390.0, 400.0, 420.0, 430.0, 450.0, 470.0, 500.0]
[append-worker] 500 MHz manifest rows: 29,499 ({'New_data_10000': 10000, 'restore_49k': 19499})
[append-worker] done 500 MHz
[append-worker] queue empty — exiting
