Loaded config from config.yaml (185 keys)
exp059  epochs=600  batch=224  amp=off  ckpt_every=5  resume=experiments/exp059_capacity_freq/checkpoints/checkpoint_epoch_500.pt  peak_loc_w=0.8  peak_loc_T=0.03
Loaded config from config.yaml (185 keys)
  Loaded 101 existing epochs from loss.csv (ep 1–500)
================================================================================
EXP059_CAPACITY_FREQ — MULTI-INPUT VAE
  device: cuda
  batch: 224
  epochs: 600
  checkpoint_interval: 5
  split_by_design: True
  balance_freq: False
  train_samples_per_epoch: 64000
  val_on_checkpoint_only: True
  amp: off
  tf32: False
  compile: False
  ram_cache: False
================================================================================
PI_freq found — multifreq mode (layout store for imp/occ).
Layout store: 24979 layouts, 582997 manifest rows
Loaded 582997 samples from datasets/data_multifreq_train_norm_unbounded
  Heatmap norm: robust_log1p_per_mhz_unbounded unbounded  bins=[10.0, 100.0, 120.0, 150.0, 170.0, 180.0…]  n=24
K-values loaded from cache (582997 samples)
Data: train=508060 val=74937 layouts=24979 draws=64000/508060 cross_freq=582997
Model: 10.5M params  latent=128  layout_p=0.0  cf_mix=0.45  occ_bin=True  milestones=[ep20, ep25]

========================================================
  RESUMING from checkpoint checkpoint_epoch_500.pt
  completed epoch: 500  →  training epochs 501–500
  val_loss: 0.5310
========================================================

  Curriculum restored from checkpoint (not re-scaled to new num_epochs):
    beta_end_epoch=25, beta_phase2_end_epoch=25, modality_dropout_anneal_epochs=20, physics_critic_warmup_epochs=12, physics_slope_anneal_epochs=25, penalty_warmup_epochs=12, focal_gamma_warmup_epochs=0, cross_freq_start_epoch=20, modality_dropout_protect_heatmap_epoch=25, heatmap_focus_start_epoch=25, impedance_peak_start_epoch=25, impedance_peak_ramp_epochs=25, impedance_peak_focus_epoch=25
  Careful impedance LR: backbone=2.00e-04  impedance=2.00e-04 (mult=1.0)
  optimizer state skipped (param groups changed)
